============================================================
StrikeRaedar Intelligence Module - 2026-01-28T11:16:09.036916Z
============================================================

Merging with existing npoint cache (preserves history/links)...
  > Warning: could not fetch existing npoint cache: HTTPSConnectionPool(host='api.npoint.io', port=443): Max retries exceeded with url: /fed9ee910656da13bf03 (Caused by NameResolutionError("<urllib3.connection.HTTPSConnection object at 0x72394ede8050>: Failed to resolve 'api.npoint.io' ([Errno -2] Name or service not known)"))
Checking Airspace Warnings (NOTAMs)...
  Airspace Score Contribution: 50
  - CRITICAL: OIIX (Tehran) is RESTRICTED/PROHIBITED.
  - NOTICE: LLLL (Tel Aviv) has caution advisories.

Checking Global Market Status...
  WARNING: 'yfinance' library not found. Please install checks for live data.

Checking Pentagon Pizza Meter...
  Pentagon Pizza Score: 50 (Lunch Rush)

  > Data saved locally to strikeraedar_data.json

  > Merged payload written to strikeraedar_merged_payload.json
  > Local cache written to /tmp/tempproj/frontend/local_cache.json

------------------------------------------------------------
FINAL WAR POTENTIAL SCORE (Projected 8h): 32/100
------------------------------------------------------------
STATUS: LOW / WATCHFUL

============================================================
NOTE: Data saved to strikeraedar_data.json
To update the dashboard without breaking client values/history, use the merged payload:
  - strikeraedar_merged_payload.json
Local cache written to: /tmp/tempproj/frontend/local_cache.json
============================================================
